### Latihan: Menginisialisasi Local Repository pada Proyek Web Server

C:\javascript-projects\notes-app-back-end>git init
Initialized empty Git repository in C:/javascript-projects/notes-app-back-end/.git/

C:\javascript-projects\notes-app-back-end>git add .
warning: in the working copy of '.eslintrc.json', LF will be replaced by CRLF the next time Git touches it

C:\javascript-projects\notes-app-back-end>git commit -m "initial commit"
[master (root-commit) 958fe14] initial commit
 9 files changed, 3541 insertions(+)
 create mode 100644 .eslintrc.json
 create mode 100644 .gitignore
 create mode 100644 package-lock.json        
 create mode 100644 package.json
 create mode 100644 src/handler.js
 create mode 100644 src/notes.js
 create mode 100644 src/routes.js
 create mode 100644 src/server.js
 create mode 100644 terminal.txt

 ### Latihan: Memasang GitHub CLI

 Windows PowerShell
Copyright (C) Microsoft Corporation. All rights reserved.

Try the new cross-platform PowerShell https://aka.ms/pscore6

PS C:\Users\Wiyono> winget install --id GitHub.cli
The `msstore` source requires that you view the following agreements before using.
Terms of Transaction: https://aka.ms/microsoft-store-terms-of-transaction
The source requires the current machine's 2-letter geographic region to be sent to the backend service to function properly (ex. "US").

Do you agree to all the source agreements terms?
[Y] Yes  [N] No: y
Found GitHub CLI [GitHub.cli] Version 2.51.0
This application is licensed to you by its owner.
Microsoft is not responsible for, nor does it grant any licenses to, third-party packages.
Downloading https://github.com/cli/cli/releases/download/v2.51.0/gh_2.51.0_windows_amd64.msi
  ██████████████████████████████  12.7 MB / 12.7 MB
Successfully verified installer hash
Starting package install...
The installer will request to run as administrator, expect a prompt.
Successfully installed

---
Wiyono@DESKTOP-200LNFH MINGW64 /c/javascript-projects/notes-app-back-end (master)
$ gh auth login
? What account do you want to log into? GitHub.com
? What is your preferred protocol for Git operations on this host? HTTPS
? Authenticate Git with your GitHub credentials? Yes    
? How would you like to authenticate GitHub CLI? Paste an authentication token        
Tip: you can generate a Personal Access Token here https://github.com/settings/tokens
The minimum required scopes are 'repo', 'read:org', 'workflow'.
? Paste your authentication token: ****************************************
- gh config set -h github.com git_protocol https
✓ Configured git protocol
✓ Logged in as w1y0n0

### Latihan: Menghubungkan Local Repository dengan Remote Repository

Wiyono@DESKTOP-200LNFH MINGW64 /c/javascript-projects/notes-app-back-end (master)
$ git remote add origin https://github.com/w1y0n0/notes-app-back-end.git

Wiyono@DESKTOP-200LNFH MINGW64 /c/javascript-projects/notes-app-back-end (master)
$ git push origin master
Enumerating objects: 12, done.
Counting objects: 100% (12/12), done.
Delta compression using up to 8 threads
Compressing objects: 100% (11/11), done.
Writing objects: 100% (12/12), 32.03 KiB | 6.41 MiB/s, done.
Total 12 (delta 0), reused 0 (delta 0), pack-reused 0
To https://github.com/w1y0n0/notes-app-back-end.git
 * [new branch]      master -> master

### Menjalankan Postman Collection secara Terprogram dengan Newman

C:\javascript-projects\notes-app-back-end>npm install newman --g
npm WARN deprecated har-validator@5.1.5: this library is no longer supported
npm WARN deprecated uuid@3.4.0: Please upgrade  to version 7 or higher.  Older versions may use Math.random() in certain circumstances, which is known to be problematic.  See https://v8.dev/blog/math-random for details.

added 120 packages in 1m

C:\javascript-projects\notes-app-back-end>newman -v
6.1.3

C:\javascript-projects\notes-app-back-end>npm run start-dev

> notes-app-back-end@1.0.0 start-dev
> nodemon ./src/server.js

[nodemon] 3.1.3
[nodemon] to restart at any time, enter `rs`  
[nodemon] watching path(s): *.*
[nodemon] watching extensions: js,mjs,cjs,json
[nodemon] starting `node ./src/server.js`     
Server berjalan pada http://localhost:5000

C:\javascript-projects\notes-app-back-end>newman run notes-api-test.postman_collection.json --environment notes-api-test.postman_environment.json
newman

Notes API Test

→ Add New Note
  POST localhost:5000/notes [201 Created, 382B, 45ms]
  √  response status code should have 201 value
  √  response Content-Type header should have application/json value
  √  response body should be an object
  √  response body should have correct property and value
  √  response body data should have noteId property and not equal to empty

→ Get All Notes
  GET localhost:5000/notes [200 OK, 518B, 7ms]
  √  response status code should have 200 value
  √  response Content-Type header should have application/json value
  √  response body should an object
  √  response body should have the correct property and value
  √  response body data should have a notes array and contain at least 1 item

→ Get Note by ID
  GET localhost:5000/notes/DqhwRE6FJo54Ofc2 [200 OK, 515B, 5ms]
  √  response status code should have 200 value
  √  response Content-Type header should have application/json value
  √  response body should be an object
  √  response body should have the correct property and value
  √  response body data should contain note object
  √  note object should contain correct value for id, title, body, and tags property

→ Update Note by ID
  PUT localhost:5000/notes/DqhwRE6FJo54Ofc2 [200 OK, 339B, 3ms]
  √  response status code should have 200 value
  √  response Content-Type header should have application/json value
  √  response body should be an object
  √  response body should have correct property and value
  √  when request the updated note
  GET http://localhost:5000/notes/DqhwRE6FJo54Ofc2 [200 OK, 531B, 4ms]
  √  then the updated note should contain the latest data

→ Delete Note by ID
  DELETE localhost:5000/notes/DqhwRE6FJo54Ofc2 [200 OK, 336B, 5ms]
  √  response status code should have 200 value
  √  response Content-Type header should have application/json value
  √  response body should be an object
  √  response body should have correct property and value
  √  when request the deleted note
  GET http://localhost:5000/notes/DqhwRE6FJo54Ofc2 [404 Not Found, 339B, 3ms]
  √  the deleted note should be not found

┌─────────────────────────┬──────────────────┬──────────────────┐
│                         │         executed │           failed │
├─────────────────────────┼──────────────────┼──────────────────┤
│              iterations │                1 │                0 │
├─────────────────────────┼──────────────────┼──────────────────┤
│                requests │                7 │                0 │
├─────────────────────────┼──────────────────┼──────────────────┤
│            test-scripts │                5 │                0 │
├─────────────────────────┼──────────────────┼──────────────────┤
│      prerequest-scripts │                0 │                0 │
├─────────────────────────┼──────────────────┼──────────────────┤
│              assertions │               28 │                0 │
├─────────────────────────┴──────────────────┴──────────────────┤
│ total run duration: 474ms                                     │
├───────────────────────────────────────────────────────────────┤
│ total data received: 926B (approx)                            │
├───────────────────────────────────────────────────────────────┤
│ average response time: 10ms [min: 3ms, max: 45ms, s.d.: 14ms] │
└───────────────────────────────────────────────────────────────┘

###

